// Jest Snapshot v1, https://goo.gl/fbAQLP

exports[`PostTemplate renders correctly 1`] = `
<div
  className="layout"
>
  <div
    className="post"
  >
    <a
      className="post__home-button"
      href="/"
    >
      Art√≠culos
    </a>
    <div
      className="post__content"
    >
      <div
        className="content"
      >
        <h1
          className="content__title"
        >
          test
        </h1>
        <div
          className="content__body"
          dangerouslySetInnerHTML={
            Object {
              "__html": "<p>test</p>",
            }
          }
        />
      </div>
    </div>
    <div
      className="post__footer"
    >
      <div
        className="meta"
      >
        <p
          className="meta__date"
        >
          Publicado el 
          1 Sep 2016
        </p>
        <p
          className="meta__editLink"
        >
          <a
            rel="noopener noreferrer"
            target="_blank"
          >
            Editar post en Github
          </a>
        </p>
      </div>
      <div
        className="tags"
      >
        <ul
          className="tags__list"
        >
          <li
            className="tags__list-item"
          >
            <a
              className="tags__list-item-link"
              href="/test_0"
            >
              test_0
            </a>
          </li>
          <li
            className="tags__list-item"
          >
            <a
              className="tags__list-item-link"
              href="/test_1"
            >
              test_1
            </a>
          </li>
        </ul>
      </div>
      <div
        className="author"
      >
        <p
          className="author__bio"
        >
          Test bio
          <a
            className="author__bio-twitter"
            href="https://www.linkedin.com/in/undefined"
            rel="noopener noreferrer"
            target="_blank"
          >
            <strong>
              Test name
            </strong>
             en LinkedIn
          </a>
        </p>
      </div>
    </div>
    <div
      className="post__comments"
    />
  </div>
</div>
`;
