// Jest Snapshot v1, https://goo.gl/fbAQLP

exports[`Meta renders correctly 1`] = `
<div
  className="meta"
>
  <p
    className="meta__date"
  >
    Publicado el 
    1 Sep 2016
  </p>
  <p
    className="meta__editLink"
  >
    <a
      rel="noopener noreferrer"
      target="_blank"
    >
      Editar post en Github
    </a>
  </p>
</div>
`;
